BiPap.c:40:6:BIPAP_Mode_Packet_Data	24	static
BiPap.c:87:6:BIPAP_Task	16	static
BiPap.c:116:6:BIPAP_PID_Task	16	static
BiPap.c:211:13:BIBAP_CONTROL	8	static
BiPap.c:238:13:RUN_BIPAP_EPAP_MAINTAIN_BLOWER	4	static
BiPap.c:245:13:STOP_BLOWER_IF_FLOW_SENSE	4	static
BiPap.c:258:13:CHECK_PRESSURE_TRIGGER	4	static
BiPap.c:271:13:CHECK_FLOW_TRIGGER	4	static
BiPap.c:285:13:CHECK_TRIGGER_OFFSET	4	static
BiPap.c:298:13:BIPAP_EPAP_AVERAGE	8	static
BiPap.c:317:17:BIPAP_TUNE_EPAP_BLOWER	16	static
BiPap.c:352:17:BIBAP_TUNE_IPAP_BLOWER	16	static
BiPap.c:387:13:RESET_FLAGS	8	static
BiPap.c:403:6:INSPIRATION_PROCESS_BIPAP	8	static
BiPap.c:444:13:BACKUP_PC_CMV_START	8	static
BiPap.c:554:13:BIBAP_IPAP_AVERAGE	8	static
BiPap.c:572:13:Patient_Circuit_Disconnected_Alert_BIBAP	8	static
BiPap.c:604:6:EPAP_TIME_CONTROL	8	static
BiPap.c:644:6:Cummulate_PEEP	4	static
BiPap.c:650:6:ADJUST_PEEP	8	static
BiPap.c:659:6:Inspiration_Trigger_Check	8	static
BiPap.c:691:13:Apnea_O2_control	8	static
BiPap.c:700:6:Oxygen_epap	16	static
BiPap.c:733:6:Low_Oxygen_Achieved_BIPAP	16	static
BiPap.c:763:6:High_Oxygen_Achieved_BIPAP	16	static
BiPap.c:793:6:Tune_O2_BIPAP	16	static
