Vc_Simv_Assist_OFF.c:37:6:Vc_Simv_Assist_OFF_Task	16	static
Vc_Simv_Assist_OFF.c:63:13:Inspiration_Time_Blower_Control_VC_SIMV_ASSIST_OFF	16	static
Vc_Simv_Assist_OFF.c:68:13:Expiration_Time_Blower_Control_VC_SIMV_ASSIST_OFF	16	static
Vc_Simv_Assist_OFF.c:109:13:CHECK_TRIGGER_ASSIST_OFF	16	static
Vc_Simv_Assist_OFF.c:124:13:Before_Trigger	16	static
Vc_Simv_Assist_OFF.c:148:13:After_Trigger	16	static
Vc_Simv_Assist_OFF.c:174:6:VC_SIMV_Assist_OFF_Inspiration_Time_Variables_Reset	8	static
Vc_Simv_Assist_OFF.c:191:6:VC_SIMV_Assist_OFF_Expiration_Time_Variables_Reset	8	static
Vc_Simv_Assist_OFF.c:206:13:Switch_TASK_Inspiration_CYCLE	16	static
Vc_Simv_Assist_OFF.c:217:6:VC_SIMV_Assist_OFF_PATIENT_TRIGGER_HAPPEN_Inspiration_Time_Variables_Reset	24	static
Vc_Simv_Assist_OFF.c:267:6:VC_SIMV_Assist_OFF_PATIENT_TRIGGER_HAPPEN_Expiration_Time_Variables_Reset	8	static
Vc_Simv_Assist_OFF.c:300:13:CHECK_PRESSURE_TRIGGER	8	static
Vc_Simv_Assist_OFF.c:310:13:CHECK_FLOW_TRIGGER	8	static
Vc_Simv_Assist_OFF.c:321:13:CHECK_TRIGGER_OFFSET	4	static
Vc_Simv_Assist_OFF.c:333:13:STOP_BLOWER_IF_FLOW_SENSE	4	static
Vc_Simv_Assist_OFF.c:341:13:Set_Blower_Val	8	static
Vc_Simv_Assist_OFF.c:351:13:Trigger_Time_Monitor	4	static
