Vc_Simv_Assist_ON.c:42:6:Vc_Simv_Mode_Packet_Data	24	static
Vc_Simv_Assist_ON.c:99:6:Vc_Simv_Assist_ON_Task	16	static
Vc_Simv_Assist_ON.c:131:6:VC_SIMV_Inspiration_Time_Variables_Reset	8	static
Vc_Simv_Assist_ON.c:148:6:VC_SIMV_Expiration_Time_Variables_Reset	8	static
Vc_Simv_Assist_ON.c:165:13:Inspiration_Time_Blower_Control_VC_SIMV_ASSIST_ON	16	static
Vc_Simv_Assist_ON.c:179:13:Expiration_Time_Blower_Control_VC_SIMV_ASSIST_ON	16	static
Vc_Simv_Assist_ON.c:215:13:CHECK_TRIGGER_ASSIST_ON	16	static
Vc_Simv_Assist_ON.c:239:13:Switch_TASK_Inspiration_CYCLE	16	static
Vc_Simv_Assist_ON.c:252:6:VC_SIMV_Assist_ON_Inspiration_Time_Variables_Reset	24	static
Vc_Simv_Assist_ON.c:346:6:VC_SIMV_Assist_ON_Expiration_Time_Variables_Reset	8	static
Vc_Simv_Assist_ON.c:380:13:CHECK_PRESSURE_TRIGGER	8	static
Vc_Simv_Assist_ON.c:393:13:CHECK_FLOW_TRIGGER	8	static
Vc_Simv_Assist_ON.c:406:13:CHECK_TRIGGER_OFFSET	4	static
Vc_Simv_Assist_ON.c:421:13:CHECK_Flow_Increment	8	static
Vc_Simv_Assist_ON.c:452:13:Check_Flow_Graph	24	static
Vc_Simv_Assist_ON.c:496:13:Trigger_Time_Monitor	4	static
