Mode_Initial_Flag_Set.c:28:6:Mode_Initial_Flag_Set_Task	16	static
Mode_Initial_Flag_Set.c:102:6:PC_CMV_Initial_Flags_SET	8	static
Mode_Initial_Flag_Set.c:206:6:VC_CMV_Initial_Flags_SET	8	static
Mode_Initial_Flag_Set.c:280:6:PC_SIMV_Initial_Flags_SET	8	static
Mode_Initial_Flag_Set.c:394:6:VC_SIMV_Initial_Flags_SET	8	static
Mode_Initial_Flag_Set.c:482:6:PSV_Initial_Flags_SET	8	static
Mode_Initial_Flag_Set.c:504:6:CPAP_Initial_Flags_SET	8	static
Mode_Initial_Flag_Set.c:591:6:BIBAP_Initial_Flags_SET	8	static
Mode_Initial_Flag_Set.c:655:6:APRV_Initial_Flags_SET	8	static
Mode_Initial_Flag_Set.c:711:6:Backup_PC_CMV_Initial_Flags_SET	8	static
Mode_Initial_Flag_Set.c:854:6:Reset_PC_CMV_Old_Flags_Reset	4	static
Mode_Initial_Flag_Set.c:876:6:Reset_VC_CMV_Old_Flags_Reset	4	static
Mode_Initial_Flag_Set.c:898:6:Reset_PC_SIMV_Old_Flags_Reset	4	static
Mode_Initial_Flag_Set.c:920:6:Reset_VC_SIMV_Old_Flags_Reset	4	static
Mode_Initial_Flag_Set.c:939:6:Reset_PC_CMV_BACKUP_Old_Flags_Reset	4	static
Mode_Initial_Flag_Set.c:954:6:Reset_Patient_Circuit_Diconnceted_Alert_Flags	8	static
Mode_Initial_Flag_Set.c:970:6:PSV_Mask_Mode_initial_flags_sets	8	static
Mode_Initial_Flag_Set.c:1035:6:PSV_ET_TUBE_Mode_initial_flags_sets	8	static
Mode_Initial_Flag_Set.c:1105:6:Reset_Flow_Offset	4	static
