Alert.c:50:6:Split_Alert_Parameter_Packets	16	static
Alert.c:70:6:SEND_ALERT_PACKET	8	static
Alert.c:88:6:Clear_All_Alert_Bits	4	static
Alert.c:119:6:Alert_Task	16	static
Alert.c:140:6:Alert_Flags_Reset	4	static
Alert.c:159:6:Check_Alert	8	static
Alert.c:235:6:Alert_Inspiration_Time_Parameter	4	static
Alert.c:257:6:AC_Supply_or_Battery_Supply_Indication	8	static
Alert.c:290:6:Alert_Expiration_Time_Parameter	4	static
Alert.c:308:6:Pip_Alert	16	static
Alert.c:345:6:Peep_Alert	24	static
Alert.c:384:6:Tidal_Volume_Alert	16	static
Alert.c:422:6:Minite_Volume_Alert	16	static
Alert.c:455:6:Respiratory_Rate_Alert	16	static
Alert.c:488:6:Oxygen_Supply_Alert	16	static
Alert.c:515:6:Oxygen_Blending_Alert	24	static
Alert.c:557:6:Leak_Alert	4	static
Alert.c:582:6:Patient_Circuit_Disconnected_Alert	4	static
Alert.c:672:6:Proximal_Flow_Sensor_Reverse_Direction	4	static
Alert.c:702:6:LED_Alert	4	static
Alert.c:724:6:Hide_Alert_1	4	static
Alert.c:755:6:Hide_Alert_2	4	static
Alert.c:785:6:Convert_Battery_Percentage	16	static
Alert.c:820:6:Read_Battery_Voltage	8	static
