Calibration.c:31:6:Split_Calibration_Packets	16	static
Calibration.c:57:9:chksum8_cal	24	static
Calibration.c:66:6:Send_Calibrated_Packet	8	static
Calibration.c:77:6:CALIBRATION_Task	16	static
Calibration.c:127:6:Blower_Calibration	8	static
Calibration.c:200:6:Pressure_Sensor_Calibration	8	static
Calibration.c:260:6:Flow_Sensor_7002_Calibration	8	static
Calibration.c:302:6:Expiratory_Valve_Leak_Calibration	8	static
Calibration.c:377:6:Led_Buzzer_Calibration	8	static
Calibration.c:415:6:Battery_Calibration	8	static
Calibration.c:447:6:Sensor_Voltage_Transmit	8	static
Calibration.c:469:6:O2_Calibration_Task	16	static
Calibration.c:481:6:Oxygen_blending_Calibration	8	static
