PSV.c:54:6:PSV_Mode_Packet_Data	16	static
PSV.c:88:6:PSV_Task	16	static
PSV.c:112:13:INSPIRATION_PROCESS_PSV	8	static
PSV.c:165:6:PSV_PID_Task	16	static
PSV.c:183:13:PSV_CONTROL	8	static
PSV.c:213:13:CHECK_PRESSURE_TRIGGER	8	static
PSV.c:225:13:CHECK_FLOW_TRIGGER	8	static
PSV.c:239:13:CHECK_TRIGGER_OFFSET	4	static
PSV.c:265:13:RUN_PSV_PEEP_MAINTAIN_BLOWER	4	static
PSV.c:272:13:STOP_BLOWER_IF_FLOW_SENSE	4	static
PSV.c:301:13:PSV_PEEP_AVERAGE	16	static
PSV.c:338:13:PSV_PIP_AVERAGE	8	static
PSV.c:363:17:PSV_TUNE_PEEP_BLOWER	16	static
PSV.c:399:17:PSV_TUNE_PIP_BLOWER	16	static
PSV.c:435:13:BACKUP_PC_CMV_START	8	static
PSV.c:551:13:RESET_FLAGS	8	static
PSV.c:566:13:Patient_Circuit_Disconnected_Alert_PSV	8	static
PSV.c:680:13:Apnea_O2_control	8	static
PSV.c:708:13:WAIT_TIME_CONTROL	4	static
PSV.c:721:13:Expiration_Cycle	4	static
PSV.c:726:13:For_Trigger_Control	8	static
PSV.c:819:13:MASK_MODE_PID	8	static
PSV.c:886:13:ET_TUBE_MODE_PID	8	static
PSV.c:958:6:Oxygen_PEEP	16	static
PSV.c:988:6:Low_Oxygen_Achieved_PSV	16	static
PSV.c:1018:6:High_Oxygen_Achieved_PSV	16	static
PSV.c:1048:6:Tune_O2_PSV	16	static
