Backup_Pc_cmv.c:37:6:Backup_Pc_Cmv_Mode_Packet_Data	24	static
Backup_Pc_cmv.c:61:6:BACKUP_PC_CMV_Task	16	static
Backup_Pc_cmv.c:88:13:Inspiration_Time_Blower_Control_BACKUP_PC_CMV	16	static
Backup_Pc_cmv.c:93:13:Expiration_Time_Blower_Control_BACKUP_PC_CMV	16	static
Backup_Pc_cmv.c:139:13:CHECK_TRIGGER_BACKUP_PC_CMV	16	static
Backup_Pc_cmv.c:161:13:CHECK_PRESSURE_TRIGGER	8	static
Backup_Pc_cmv.c:184:13:CHECK_FLOW_TRIGGER	8	static
Backup_Pc_cmv.c:207:13:CHECK_TRIGGER_OFFSET	4	static
Backup_Pc_cmv.c:232:6:BACKUP_PC_CMV_Inspiration_Time_Variables_Reset	24	static
Backup_Pc_cmv.c:291:6:BACKUP_PC_CMV_Expiration_Time_Variables_Reset	8	static
Backup_Pc_cmv.c:323:6:START_PSV	8	static
Backup_Pc_cmv.c:341:6:START_BIPAP	8	static
Backup_Pc_cmv.c:360:6:START_CPAP	8	static
Backup_Pc_cmv.c:375:6:START_MASK_BIPAP	8	static
Backup_Pc_cmv.c:414:6:START_ET_TUBE_BIPAP	8	static
Backup_Pc_cmv.c:455:6:START_MASK_PSV	8	static
Backup_Pc_cmv.c:503:6:START_ET_TUBE_PSV	8	static
Backup_Pc_cmv.c:552:6:START_MASK_CPAP	8	static
Backup_Pc_cmv.c:588:6:START_ET_TUBE_CPAP	8	static
Backup_Pc_cmv.c:629:13:Set_Blower_Val	8	static
Backup_Pc_cmv.c:639:13:Smooth_Ramp_Pressure	4	static
Backup_Pc_cmv.c:664:13:Trigger_Time_Monitor	16	static
