Pc_cmv.c:49:6:Pc_Cmv_Mode_Packet_Data	24	static
Pc_cmv.c:77:6:Pc_Cmv_Task	16	static
Pc_cmv.c:108:13:Inspiration_Time_Blower_Control_PC_CMV	16	static
Pc_cmv.c:122:13:Expiration_Time_Blower_Control_PC_CMV	16	static
Pc_cmv.c:156:6:PC_CMV_Inspiration_Time_Variables_Reset	24	static
Pc_cmv.c:205:6:PC_CMV_Expiration_Time_Variables_Reset	8	static
Pc_cmv.c:229:13:Smooth_Ramp_Pressure	4	static
Pc_cmv.c:256:6:Find_Average_Flow	4	static
Pc_cmv.c:274:6:PIP_Not_Acheieved	4	static
Pc_cmv.c:283:6:PIP_Acheieved	4	static
