APRV.c:32:6:APRV_Mode_Packet_Data	16	static
APRV.c:67:6:APRV_Task	16	static
APRV.c:90:6:APRV_ONE_TIME_Task	16	static
APRV.c:111:13:APRV_INSPIRATION_CYCLE_SINGLE	8	static
APRV.c:150:13:APRV_EXPIRATION_CYCLE_SINGLE	8	static
APRV.c:173:13:APRV_INSPIRATION_CYCLE_CONTINUOUS	8	static
APRV.c:193:13:APRV_EXPIRATION_CYCLE_CONTINUOUS	16	static
APRV.c:216:13:APRV_PIP_AVERAGE	4	static
APRV.c:232:13:APRV_PEEP_AVERAGE	4	static
APRV.c:246:17:APRV_TUNE_PIP_BLOWER	16	static
APRV.c:286:17:PEEP_Control	16	static
APRV.c:422:13:Check_Trigger	8	static
APRV.c:448:13:STOP_BLOWER_IF_FLOW_SENSE	4	static
APRV.c:454:13:CHECK_TRIGGER_OFFSET	4	static
APRV.c:465:13:CHECK_PRESSURE_TRIGGER	4	static
APRV.c:477:13:CHECK_FLOW_TRIGGER	4	static
