stm32f4xx_it.c:73:6:NMI_Handler	4	static
stm32f4xx_it.c:88:6:HardFault_Handler	4	static
stm32f4xx_it.c:103:6:MemManage_Handler	4	static
stm32f4xx_it.c:118:6:BusFault_Handler	4	static
stm32f4xx_it.c:133:6:UsageFault_Handler	4	static
stm32f4xx_it.c:148:6:DebugMon_Handler	4	static
stm32f4xx_it.c:168:6:EXTI2_IRQHandler	8	static
stm32f4xx_it.c:182:6:EXTI9_5_IRQHandler	8	static
stm32f4xx_it.c:197:6:TIM6_DAC_IRQHandler	8	static
stm32f4xx_it.c:214:6:DMA2_Stream0_IRQHandler	8	static
stm32f4xx_it.c:228:6:USART6_IRQHandler	8	static
