Vc_Cmv.c:30:6:Vc_Cmv_Mode_Packet_Data	24	static
Vc_Cmv.c:58:6:Vc_Cmv_Task	16	static
Vc_Cmv.c:92:13:Inspiration_Time_Blower_Control_VC_CMV	16	static
Vc_Cmv.c:108:13:Expiration_Time_Blower_Control_VC_CMV	16	static
Vc_Cmv.c:146:6:VC_CMV_Inspiration_Time_Variables_Reset	24	static
Vc_Cmv.c:220:6:VC_CMV_Expiration_Time_Variables_Reset	8	static
Vc_Cmv.c:243:13:CHECK_Flow_Increment	8	static
Vc_Cmv.c:283:13:Check_Flow_Graph	24	static
Vc_Cmv.c:327:6:Reset_Blower_Status	4	static
Vc_Cmv.c:339:6:Volume_Not_Acheieved	4	static
Vc_Cmv.c:345:6:Volume_Acheieved	4	static
