Cpap.c:39:6:CPAP_Mode_Packet_Data	16	static
Cpap.c:66:6:CPAP_Task	16	static
Cpap.c:89:13:CPAP_CONTROL	8	static
Cpap.c:167:13:RUN_CPAP_MAINTAIN_BLOWER	4	static
Cpap.c:174:13:STOP_BLOWER_IF_FLOW_SENSE	4	static
Cpap.c:189:13:CHECK_PRESSURE_TRIGGER	8	static
Cpap.c:212:13:CHECK_FLOW_TRIGGER	8	static
Cpap.c:236:13:CHECK_TRIGGER_OFFSET	4	static
Cpap.c:247:13:CPAP_AVERAGE	8	static
Cpap.c:271:17:TUNE_CPAP_BLOWER	16	static
Cpap.c:306:13:RESET_FLAGS	8	static
Cpap.c:324:13:BACKUP_PC_CMV_START	8	static
Cpap.c:432:13:Patient_Circuit_Disconnected_Alert_CPAP	8	static
Cpap.c:468:13:CPAP_O2_Control	16	static
Cpap.c:517:6:Low_Oxygen_Achieved_CPAP	16	static
Cpap.c:547:6:High_Oxygen_Achieved_CPAP	16	static
Cpap.c:577:6:Tune_O2_CPAP	16	static
Cpap.c:595:6:Check_O2_Supply_Alert_in_Apnea	16	static
Cpap.c:637:6:Check_O2_Supply_Alert_in_Apnea_Once	16	static
