Pc_Simv_Assist_ON.c:41:6:Pc_Simv_Mode_Packet_Data	24	static
Pc_Simv_Assist_ON.c:106:6:Pc_Simv_Assist_ON_Task	16	static
Pc_Simv_Assist_ON.c:136:6:PC_SIMV_Inspiration_Time_Variables_Reset	8	static
Pc_Simv_Assist_ON.c:153:6:PC_SIMV_Expiration_Time_Variables_Reset	8	static
Pc_Simv_Assist_ON.c:171:13:Inspiration_Time_Blower_Control_PC_SIMV_ASSIST_ON	16	static
Pc_Simv_Assist_ON.c:184:13:Expiration_Time_Blower_Control_PC_SIMV_ASSIST_ON	16	static
Pc_Simv_Assist_ON.c:220:13:CHECK_TRIGGER_ASSIST_ON	16	static
Pc_Simv_Assist_ON.c:242:13:Switch_TASK_Inspiration_CYCLE	16	static
Pc_Simv_Assist_ON.c:258:6:PC_SIMV_Assist_ON_Inspiration_Time_Variables_Reset	24	static
Pc_Simv_Assist_ON.c:322:6:PC_SIMV_Assist_ON_Expiration_Time_Variables_Reset	8	static
Pc_Simv_Assist_ON.c:354:13:CHECK_PRESSURE_TRIGGER	8	static
Pc_Simv_Assist_ON.c:367:13:CHECK_FLOW_TRIGGER	8	static
Pc_Simv_Assist_ON.c:380:13:CHECK_TRIGGER_OFFSET	4	static
Pc_Simv_Assist_ON.c:392:13:Set_Blower_Val	8	static
Pc_Simv_Assist_ON.c:404:13:Smooth_Ramp_Pressure	4	static
Pc_Simv_Assist_ON.c:431:13:Trigger_Time_Monitor	4	static
