Sampled_Parameter.c:20:6:Sampled_Parameter_List_1_Transmit	8	static
Sampled_Parameter.c:62:6:Sampled_Parameter_List_2_Transmit	8	static
Sampled_Parameter.c:88:6:Sampled_Parameter_List_3_Transmit	8	static
Sampled_Parameter.c:114:6:Sampled_Parameter_List_4_Transmit	8	static
Sampled_Parameter.c:139:6:Sampled_Parameter_List_5_Transmit	8	static
Sampled_Parameter.c:160:6:Sampled_Parameter_Func_1	8	static
Sampled_Parameter.c:173:6:Average_PIP_Func	4	static
Sampled_Parameter.c:186:6:Average_PEEP_Func	4	static
Sampled_Parameter.c:192:6:Volume_Max_Inspiration_Func	4	static
Sampled_Parameter.c:197:6:Volume_Max_Expiration_Func	4	static
Sampled_Parameter.c:203:6:Peak_Flow_Inspiration_Func	4	static
Sampled_Parameter.c:207:6:Peak_Flow_Expiration_Func	4	static
Sampled_Parameter.c:212:6:Reset_Flag_Func	4	static
Sampled_Parameter.c:224:6:Sampled_Parameter_Func_2	8	static
Sampled_Parameter.c:233:6:Minite_Volume_Func	4	static
Sampled_Parameter.c:257:6:Acheived_RR_Func	4	static
Sampled_Parameter.c:263:6:Inspiration_Time_Func	4	static
Sampled_Parameter.c:276:6:Expiration_Time_Func	4	static
Sampled_Parameter.c:295:6:Sampled_Parameter_Func_3	8	static
Sampled_Parameter.c:304:6:Platau_Pressure	4	static
Sampled_Parameter.c:321:6:Static_and_Dynamic_Compliance	56	static
Sampled_Parameter.c:385:6:Inspiratory_Resistance	72	static
Sampled_Parameter.c:425:6:Sampled_Parameter_Func_4	8	static
Sampled_Parameter.c:433:6:Mean_Airway_Pressure	24	static
Sampled_Parameter.c:450:6:I_and_E_Ratio_Func	56	static
Sampled_Parameter.c:500:6:Sampled_Parameter_Inspiration_time	8	static
